exports[`test has not changed since the last snapshot 1`] = `
<div
  className="App">
  <ul
    className="MenuBar">
    <li>
      <a
        href="#/Home"
        onClick={[Function]}>
        Home
      </a>
    </li>
    <li>
      <a
        href="#/Projects"
        onClick={[Function]}>
        Projects
      </a>
    </li>
    <li>
      <a
        href="#/Blog"
        onClick={[Function]}>
        Blog
      </a>
    </li>
  </ul>
  <div
    className="HomePage">
    <div
      className="HomePageContent">
      <div
        className="Bio">
        <img
          alt=""
          className="ProfilePic"
          src="https://avatars0.githubusercontent.com/u/6549364?v=3" />
        <h1>
          Zachary Taira
        </h1>
        <p>
          zach.taira@gmail.com
        </p>
        <p>
          BS/MS at NEU
        </p>
        <div
          className="RightColumnSpacer" />
      </div>
      <div
        className="Intro">
        <p>
          Hello, and welcome!
        </p>
        <p>
          My name is Zachary Taira. I\'m an EE student at Northeastern University, and I built this site in order to document my coding journey. You can see some of my other projects under the Projects page, and can read some of my thoughts and writeups under the Blog page.
        </p>
        <p>
          If you want some more info about this site, it\'s Hack-A-Week 19 under the Projects page. Happy browsing!
        </p>
        <p>
          Zach
        </p>
      </div>
    </div>
  </div>
</div>
`;
